Number of literals: 19
Constructing lookup tables: [10%] [20%] [30%] [40%] [50%] [60%] [70%] [80%] [90%] [100%]
Post filtering unreachable actions:  [10%] [20%] [30%] [40%] [50%] [60%] [70%] [80%] [90%] [100%]
[01;34mNo analytic limits found, not considering limit effects of goal-only operators[00m
All the ground actions in this problem are compression-safe
Initial heuristic = 3.000
b (2.000 | 5.000)b (1.000 | 15.001);;;; Solution Found
; States evaluated: 4
; Cost: 25.002
; Time 0.00
0.000: (cross leia outdoor corridor maindoor_to_corridor wp_maindoor_to_corridor wp_corridor_from_maindoor)  [5.000]
5.001: (navigate leia corridor kitchen corridor_to_livingroom wp_corridor_from_maindoor wp_kitchen)  [10.000]
15.002: (navigate leia kitchen bedroom corridor_to_livingroom wp_kitchen wp_bedroom)  [10.000]
