Number of literals: 19
Constructing lookup tables: [10%] [20%] [30%] [40%] [50%] [60%] [70%] [80%] [90%] [100%]
Post filtering unreachable actions:  [10%] [20%] [30%] [40%] [50%] [60%] [70%] [80%] [90%] [100%]
[01;34mNo analytic limits found, not considering limit effects of goal-only operators[00m
All the ground actions in this problem are compression-safe
Initial heuristic = 2.000
b (1.000 | 5.000);;;; Solution Found
; States evaluated: 3
; Cost: 15.001
; Time 0.00
0.000: (cross leia outdoor corridor maindoor_to_corridor wp_maindoor_to_corridor wp_corridor_from_maindoor)  [5.000]
5.001: (move leia wp_corridor_from_maindoor wp_corridor_to_livingroom corridor)  [10.000]
