Number of literals: 0
Constructing lookup tables:
Post filtering unreachable actions: 
[01;34mNo analytic limits found, not considering limit effects of goal-only operators[00m
Initial heuristic = 0.000
;;;; Solution Found
; States evaluated: 1
; Cost: 0.000
; Time 0.00
